node.exe : E:\Desktop\
saleSvera\node_modules
\ts-node\src\index.ts:
859
At C:\Program Files\no
dejs\npx.ps1:29 char:3
+   & $NODE_EXE 
$NPX_CLI_JS $args
+   ~~~~~~~~~~~~~~~~~~
~~~~~~~~~~~
    + CategoryInfo    
          : NotSpeci  
  fied: (E:\Desktop   
 \sale...rc\index.    
ts:859:String) []    
, RemoteException
    + FullyQualifiedE 
   rrorId : NativeCo  
  mmandError
 
    return new TSError
(diagnosticText, 
diagnosticCodes, 
diagnostics);
           ^
TSError: Γ¿» Unable 
to compile TypeScript:
src/app/controller/use
r.ts(145,26): error 
TS2339: Property 
'userData' does not 
exist on type 'Request
<ParamsDictionary, 
any, any, ParsedQs, 
Record<string, any>>'.
src/app/controller/use
r.ts(160,26): error 
TS2339: Property 
'userData' does not 
exist on type 'Request
<ParamsDictionary, 
any, any, ParsedQs, 
Record<string, any>>'.
src/app/controller/use
r.ts(210,26): error 
TS2339: Property 
'userData' does not 
exist on type 'Request
<ParamsDictionary, 
any, any, ParsedQs, 
Record<string, any>>'.
src/app/controller/use
r.ts(387,26): error 
TS2339: Property 
'userData' does not 
exist on type 'Request
<ParamsDictionary, 
any, any, ParsedQs, 
Record<string, any>>'.
src/app/controller/use
r.ts(472,26): error 
TS2339: Property 
'userData' does not 
exist on type 'Request
<ParamsDictionary, 
any, any, ParsedQs, 
Record<string, any>>'.
src/app/controller/use
r.ts(665,26): error 
TS2339: Property 
'userData' does not 
exist on type 'Request
<ParamsDictionary, 
any, any, ParsedQs, 
Record<string, any>>'.
src/app/controller/use
r.ts(728,26): error 
TS2339: Property 
'userData' does not 
exist on type 'Request
<ParamsDictionary, 
any, any, ParsedQs, 
Record<string, any>>'.
src/app/controller/use
r.ts(800,26): error 
TS2339: Property 
'userData' does not 
exist on type 'Request
<ParamsDictionary, 
any, any, ParsedQs, 
Record<string, any>>'.
src/app/controller/use
r.ts(876,26): error 
TS2339: Property 
'userData' does not 
exist on type 'Request
<ParamsDictionary, 
any, any, ParsedQs, 
Record<string, any>>'.
src/app/controller/use
r.ts(937,26): error 
TS2339: Property 
'userData' does not 
exist on type 'Request
<ParamsDictionary, 
any, any, ParsedQs, 
Record<string, any>>'.
src/app/controller/use
r.ts(1010,26): error 
TS2339: Property 
'userData' does not 
exist on type 'Request
<ParamsDictionary, 
any, any, ParsedQs, 
Record<string, any>>'.
src/app/controller/use
r.ts(1042,26): error 
TS2339: Property 
'userData' does not 
exist on type 'Request
<ParamsDictionary, 
any, any, ParsedQs, 
Record<string, any>>'.
src/app/controller/use
r.ts(1061,26): error 
TS2339: Property 
'userData' does not 
exist on type 'Request
<ParamsDictionary, 
any, any, ParsedQs, 
Record<string, any>>'.
src/app/controller/use
r.ts(1119,26): error 
TS2339: Property 
'userData' does not 
exist on type 'Request
<ParamsDictionary, 
any, any, ParsedQs, 
Record<string, any>>'.
src/app/controller/use
r.ts(1303,26): error 
TS2339: Property 
'userData' does not 
exist on type 'Request
<ParamsDictionary, 
any, any, ParsedQs, 
Record<string, any>>'.
src/app/controller/use
r.ts(1353,26): error 
TS2339: Property 
'userData' does not 
exist on type 'Request
<ParamsDictionary, 
any, any, ParsedQs, 
Record<string, any>>'.
src/app/controller/use
r.ts(1454,7): error 
TS2820: Type '"A4"' 
is not assignable to 
type 'PaperFormat | 
undefined'. Did you 
mean '"a4"'?

    at createTSError (
E:\Desktop\saleSvera\n
ode_modules\ts-node\sr
c\index.ts:859:12)
    at reportTSError (
E:\Desktop\saleSvera\n
ode_modules\ts-node\sr
c\index.ts:863:19)
    at getOutput (E:\D
esktop\saleSvera\node_
modules\ts-node\src\in
dex.ts:1077:36)
    at Object.compile 
(E:\Desktop\saleSvera\
node_modules\ts-node\s
rc\index.ts:1433:41)
    at 
Module.m._compile (E:\
Desktop\saleSvera\node
_modules\ts-node\src\i
ndex.ts:1617:30)
    at node:internal/m
odules/cjs/loader:1706
:10
    at Object.require.
extensions.<computed> 
[as .ts] (E:\Desktop\s
aleSvera\node_modules\
ts-node\src\index.ts:1
621:12)
    at Module.load (no
de:internal/modules/cj
s/loader:1289:32)
    at Function._load 
(node:internal/modules
/cjs/loader:1108:12)
    at TracingChannel.
traceSync (node:diagno
stics_channel:322:14) 
{
  diagnosticCodes: [
    2339, 2339, 2339, 
2339,
    2339, 2339, 2339, 
2339,
    2339, 2339, 2339, 
2339,
    2339, 2339, 2339, 
2339,
    2820
  ]
}
